INFO:    Environment variable SINGULARITY_BINDPATH is set, but APPTAINER_BINDPATH is preferred
INFO:    Environment variable SINGULARITYENV_LD_PRELOAD is set, but APPTAINERENV_LD_PRELOAD is preferred
Using /mnt/proj1/eu-26-37/it4i-dianyu/Zhengying/cache/torch_extensions as PyTorch extensions root...
Emitting ninja build file /mnt/proj1/eu-26-37/it4i-dianyu/Zhengying/cache/torch_extensions/gymtorch/build.ninja...
Building extension module gymtorch...
Using envvar MAX_JOBS (4) as the number of workers...
Loading extension module gymtorch...
2026-09-23 15:21:11,594 - INFO - logger - logger initialized
Fetching 52 files:   0%|          | 0/52 [00:00<?, ?it/s]Fetching 52 files: 100%|██████████| 52/52 [00:00<00:00, 1358.80it/s]
  0%|          | 0/3 [00:00<?, ?it/s]100%|██████████| 3/3 [00:00<00:00, 46.75it/s]
  0%|          | 0/4 [00:00<?, ?it/s]100%|██████████| 4/4 [00:00<00:00, 74235.47it/s]Traceback (most recent call last):
  File "/mnt/proj1/eu-26-37/it4i-dianyu/Zhengying/envs/closd/lib/python3.8/multiprocessing/util.py", line 300, in _run_finalizers
    finalizer()
  File "/mnt/proj1/eu-26-37/it4i-dianyu/Zhengying/envs/closd/lib/python3.8/multiprocessing/util.py", line 224, in __call__
    res = self._callback(*self._args, **self._kwargs)
  File "/mnt/proj1/eu-26-37/it4i-dianyu/Zhengying/envs/closd/lib/python3.8/multiprocessing/util.py", line 133, in _remove_temp_dir
    rmtree(tempdir)
  File "/mnt/proj1/eu-26-37/it4i-dianyu/Zhengying/envs/closd/lib/python3.8/shutil.py", line 718, in rmtree
    _rmtree_safe_fd(fd, path, onerror)
  File "/mnt/proj1/eu-26-37/it4i-dianyu/Zhengying/envs/closd/lib/python3.8/shutil.py", line 675, in _rmtree_safe_fd
    onerror(os.unlink, fullname, sys.exc_info())
  File "/mnt/proj1/eu-26-37/it4i-dianyu/Zhengying/envs/closd/lib/python3.8/shutil.py", line 673, in _rmtree_safe_fd
    os.unlink(entry.name, dir_fd=topfd)
OSError: [Errno 16] Device or resource busy: '.nfs00000004a13a3c7f00000059'
Traceback (most recent call last):
  File "/mnt/proj1/eu-26-37/it4i-dianyu/Zhengying/envs/closd/lib/python3.8/multiprocessing/util.py", line 300, in _run_finalizers
    finalizer()
  File "/mnt/proj1/eu-26-37/it4i-dianyu/Zhengying/envs/closd/lib/python3.8/multiprocessing/util.py", line 224, in __call__
    res = self._callback(*self._args, **self._kwargs)
  File "/mnt/proj1/eu-26-37/it4i-dianyu/Zhengying/envs/closd/lib/python3.8/multiprocessing/util.py", line 133, in _remove_temp_dir
    rmtree(tempdir)
  File "/mnt/proj1/eu-26-37/it4i-dianyu/Zhengying/envs/closd/lib/python3.8/shutil.py", line 718, in rmtree
    _rmtree_safe_fd(fd, path, onerror)
  File "/mnt/proj1/eu-26-37/it4i-dianyu/Zhengying/envs/closd/lib/python3.8/shutil.py", line 675, in _rmtree_safe_fd
    onerror(os.unlink, fullname, sys.exc_info())
  File "/mnt/proj1/eu-26-37/it4i-dianyu/Zhengying/envs/closd/lib/python3.8/shutil.py", line 673, in _rmtree_safe_fd
    os.unlink(entry.name, dir_fd=topfd)
OSError: [Errno 16] Device or resource busy: '.nfs00000004913f62770000005a'
Traceback (most recent call last):
  File "/mnt/proj1/eu-26-37/it4i-dianyu/Zhengying/envs/closd/lib/python3.8/multiprocessing/util.py", line 300, in _run_finalizers
    finalizer()
  File "/mnt/proj1/eu-26-37/it4i-dianyu/Zhengying/envs/closd/lib/python3.8/multiprocessing/util.py", line 224, in __call__
    res = self._callback(*self._args, **self._kwargs)
  File "/mnt/proj1/eu-26-37/it4i-dianyu/Zhengying/envs/closd/lib/python3.8/multiprocessing/util.py", line 133, in _remove_temp_dir
    rmtree(tempdir)
  File "/mnt/proj1/eu-26-37/it4i-dianyu/Zhengying/envs/closd/lib/python3.8/shutil.py", line 718, in rmtree
    _rmtree_safe_fd(fd, path, onerror)
  File "/mnt/proj1/eu-26-37/it4i-dianyu/Zhengying/envs/closd/lib/python3.8/shutil.py", line 675, in _rmtree_safe_fd
    onerror(os.unlink, fullname, sys.exc_info())
  File "/mnt/proj1/eu-26-37/it4i-dianyu/Zhengying/envs/closd/lib/python3.8/shutil.py", line 673, in _rmtree_safe_fd
    os.unlink(entry.name, dir_fd=topfd)
OSError: [Errno 16] Device or resource busy: '.nfs00000004913fac740000005b'
Traceback (most recent call last):
  File "/mnt/proj1/eu-26-37/it4i-dianyu/Zhengying/envs/closd/lib/python3.8/multiprocessing/process.py", line 315, in _bootstrap
    self.run()
  File "/mnt/proj1/eu-26-37/it4i-dianyu/Zhengying/envs/closd/lib/python3.8/multiprocessing/process.py", line 108, in run
    self._target(*self._args, **self._kwargs)
  File "/mnt/proj1/eu-26-37/it4i-dianyu/Zhengying/envs/closd/lib/python3.8/multiprocessing/managers.py", line 616, in _run_server
    server.serve_forever()
  File "/mnt/proj1/eu-26-37/it4i-dianyu/Zhengying/envs/closd/lib/python3.8/multiprocessing/managers.py", line 182, in serve_forever
    sys.exit(0)
SystemExit: 0

During handling of the above exception, another exception occurred:

Traceback (most recent call last):
  File "/mnt/proj1/eu-26-37/it4i-dianyu/Zhengying/envs/closd/lib/python3.8/multiprocessing/util.py", line 300, in _run_finalizers
    finalizer()
  File "/mnt/proj1/eu-26-37/it4i-dianyu/Zhengying/envs/closd/lib/python3.8/multiprocessing/util.py", line 224, in __call__
    res = self._callback(*self._args, **self._kwargs)
  File "/mnt/proj1/eu-26-37/it4i-dianyu/Zhengying/envs/closd/lib/python3.8/multiprocessing/util.py", line 133, in _remove_temp_dir
    rmtree(tempdir)
  File "/mnt/proj1/eu-26-37/it4i-dianyu/Zhengying/envs/closd/lib/python3.8/shutil.py", line 718, in rmtree
    _rmtree_safe_fd(fd, path, onerror)
  File "/mnt/proj1/eu-26-37/it4i-dianyu/Zhengying/envs/closd/lib/python3.8/shutil.py", line 675, in _rmtree_safe_fd
    onerror(os.unlink, fullname, sys.exc_info())
  File "/mnt/proj1/eu-26-37/it4i-dianyu/Zhengying/envs/closd/lib/python3.8/shutil.py", line 673, in _rmtree_safe_fd
    os.unlink(entry.name, dir_fd=topfd)
OSError: [Errno 16] Device or resource busy: '.nfs00000004893a62270000005c'

Fetching 52 files:   0%|          | 0/52 [00:00<?, ?it/s]Fetching 52 files: 100%|██████████| 52/52 [00:00<00:00, 9743.30it/s]
