=== REAL CLoSD SMOKE START ===
Importing module 'gym_38' (/mnt/proj1/eu-26-37/it4i-dianyu/Zhengying/isaacgym/python/isaacgym/_bindings/linux-x86_64/gym_38.so)
Setting GYM_USD_PLUG_INFO_PATH to /mnt/proj1/eu-26-37/it4i-dianyu/Zhengying/isaacgym/python/isaacgym/_bindings/linux-x86_64/usd/plugInfo.json
PyTorch version 2.2.2+cu121
Device count 1
/mnt/proj1/eu-26-37/it4i-dianyu/Zhengying/isaacgym/python/isaacgym/_bindings/src/gymtorch
ninja: no work to do.
MOVING MOTION DATA TO GPU, USING CACHE: False
MOVING MOTION DATA TO GPU, USING CACHE: False
Importing module 'rlgpu_38' (/mnt/proj1/eu-26-37/it4i-dianyu/Zhengying/isaacgym/python/isaacgym/_bindings/linux-x86_64/rlgpu_38.so)
Data dependencies are cached at [/mnt/proj1/eu-26-37/it4i-dianyu/Zhengying/cache/huggingface/hub/models--guytevet--CLoSD/snapshots/de7106b947b6f70700b5320d1cd61fef4a9ebc9b]
torch_deterministic: False
Setting seed: 0
Found checkpoint
output/CLoSD/CLoSD_multitask_finetune/Humanoid.pth
Started to play
Not applying any task filter.
[2026-09-23 15:21:25,650][py.warnings][WARNING] - /mnt/proj1/eu-26-37/it4i-dianyu/Zhengying/envs/closd/lib/python3.8/site-packages/torch/functional.py:507: UserWarning: torch.meshgrid: in an upcoming release, it will be required to pass the indexing argument. (Triggered internally at ../aten/src/ATen/native/TensorShape.cpp:3549.)
  return _VF.meshgrid(tensors, **kwargs)  # type: ignore[attr-defined]

Not connected to PVD
+++ Using GPU PhysX
Physics Engine: PhysX
Physics Device: cuda:0
GPU Pipeline: enabled
!!!! Using modified SMPL starting pose !!!!

****************************** Current motion keys ******************************
Sampling motion: torch.Size([4])_torch.Size([4])_tensor([0, 0, 0, 0], device='cuda:0')
['standing' 'standing' 'standing' 'standing']
*********************************************************************************

Loaded 4 motions with a total length of 133.200s and 4000 frames.
Data dependencies are cached at [/mnt/proj1/eu-26-37/it4i-dianyu/Zhengying/cache/huggingface/hub/models--guytevet--CLoSD/snapshots/de7106b947b6f70700b5320d1cd61fef4a9ebc9b]
Reading closd/diffusion_planner/./dataset/humanml_opt.txt
Loading dataset t2m ...
Loading motions from cache file [/mnt/proj1/eu-26-37/it4i-dianyu/Zhengying/cache/huggingface/hub/models--guytevet--CLoSD/snapshots/de7106b947b6f70700b5320d1cd61fef4a9ebc9b/data/humanml3d/t2m_test.npy]...
Pointer Pointing at 0
MDM dataset size: 4648
TRANS_DEC init
EMBED TEXT
Loading BERT...
[2026-09-23 15:21:57,742][py.warnings][WARNING] - /mnt/proj1/eu-26-37/it4i-dianyu/Zhengying/envs/closd/lib/python3.8/site-packages/huggingface_hub/file_download.py:1132: FutureWarning: `resume_download` is deprecated and will be removed in version 1.0.0. Downloads always resume when possible. If you want to force a new download, use `force_download=True`.
  warnings.warn(

Loading checkpoints from [./closd/diffusion_planner/save/DiP_multi-target_10steps_context20_predict40/model000300000.pt]...
loading avg model
Overwriting [context_len, pred_len] to [20, 40] according to the prefix completion MDM parameters.
[2026-09-23 15:22:10,658][py.warnings][WARNING] - /mnt/proj1/eu-26-37/it4i-dianyu/Zhengying/envs/closd/lib/python3.8/site-packages/gym/spaces/box.py:127: UserWarning: [33mWARN: Box bound precision lowered by casting to float32[0m
  logger.warn(f"Box bound precision lowered by casting to {self.dtype}")

RL device:  cuda:0
4
69
574
0
{'observation_space': Box(-inf, inf, (574,), float32), 'action_space': Box(-1.0, 1.0, (69,), float32), 'agents': 1, 'value_size': 1}
RunningMeanStd:  (574,)
RunningMeanStd:  (1960,)
=> loading checkpoint 'output/CLoSD/CLoSD_multitask_finetune/Humanoid.pth'
=> loading checkpoint 'output/CLoSD/CLoSD_multitask_finetune/Humanoid.pth'
[2026-09-23 15:22:14,616][py.warnings][WARNING] - /mnt/proj1/eu-26-37/it4i-dianyu/Zhengying/CLoSD/closd/diffusion_planner/data_loaders/humanml/common/quaternion.py:396: UserWarning: Using torch.cross without specifying the dim arg is deprecated.
Please either pass the dim explicitly or simply use torch.linalg.cross.
The default value of dim will change to agree with that of linalg.cross in a future release. (Triggered internally at ../aten/src/ATen/native/Cross.cpp:63.)
  v = torch.cross(v0, v1)

reward: 78.14151000976562 steps: 99.0
312.5660400390625
av reward: 78.14151000976562 av steps: 99.0
Using VHACD cache directory '/home/it4i-dianyu/.isaacgym/vhacd'
Started convex decomposition for mesh 'closd/data/assets/urdf/../mesh/strike/target_full.obj'
Finished convex decomposition for mesh 'closd/data/assets/urdf/../mesh/strike/target_full.obj': 3 hulls
Started convex decomposition for mesh 'closd/data/assets/urdf/../mesh/sofa/back_sit.obj'
Started convex decomposition for mesh 'closd/data/assets/urdf/../mesh/sofa/bottom.obj'
Started convex decomposition for mesh 'closd/data/assets/urdf/../mesh/sofa/left.obj'
Started convex decomposition for mesh 'closd/data/assets/urdf/../mesh/sofa/legs.obj'
Started convex decomposition for mesh 'closd/data/assets/urdf/../mesh/sofa/right.obj'
Started convex decomposition for mesh 'closd/data/assets/urdf/../mesh/sofa/sit.obj'
Finished convex decomposition for mesh 'closd/data/assets/urdf/../mesh/sofa/left.obj': 1 hulls
Finished convex decomposition for mesh 'closd/data/assets/urdf/../mesh/sofa/right.obj': 1 hulls
Finished convex decomposition for mesh 'closd/data/assets/urdf/../mesh/sofa/bottom.obj': 1 hulls
Finished convex decomposition for mesh 'closd/data/assets/urdf/../mesh/sofa/sit.obj': 1 hulls
Finished convex decomposition for mesh 'closd/data/assets/urdf/../mesh/sofa/back_sit.obj': 3 hulls
Finished convex decomposition for mesh 'closd/data/assets/urdf/../mesh/sofa/legs.obj': 8 hulls
=== REAL CLoSD SMOKE PASSED ===
