===== Formal RF-1 -> RF-2 pair generation =====
seed    = 10
teacher = /mnt/proj1/eu-26-37/it4i-dianyu/Zhengying/CLoSD/reproduction/runs/RectifiedFlow1_DIMP_FINAL_seed10_300k/model000300000.pt
output  = /mnt/proj1/eu-26-37/it4i-dianyu/Zhengying/CLoSD/reproduction/reflow_pairs/rf1_300k_heun10_seed10.pt
solver  = Heun
steps   = 10
NFE     = 20
===============================================
===== Generate RF-2 reflow pairs =====
teacher       : /mnt/proj1/eu-26-37/it4i-dianyu/Zhengying/CLoSD/reproduction/runs/RectifiedFlow1_DIMP_FINAL_seed10_300k/model000300000.pt
solver        : heun
steps         : 10
NFE           : 20
num_pairs     : -1
======================================
Data dependencies are cached at [/mnt/proj1/eu-26-37/it4i-dianyu/Zhengying/cache/huggingface/hub/models--guytevet--CLoSD/snapshots/de7106b947b6f70700b5320d1cd61fef4a9ebc9b]
Reading closd/diffusion_planner/./dataset/humanml_opt.txt
Loading dataset t2m ...
Loading motions from cache file [/mnt/proj1/eu-26-37/it4i-dianyu/Zhengying/cache/huggingface/hub/models--guytevet--CLoSD/snapshots/de7106b947b6f70700b5320d1cd61fef4a9ebc9b/data/humanml3d/t2m_train.npy]...
Pointer Pointing at 1384
TRANS_DEC init
EMBED TEXT
Loading BERT...
Loading RF-1 EMA teacher...
loading avg model
generated pairs: 64
generated pairs: 128
generated pairs: 192
generated pairs: 256
generated pairs: 320
generated pairs: 384
generated pairs: 448
generated pairs: 512
generated pairs: 576
generated pairs: 640
generated pairs: 704
generated pairs: 768
generated pairs: 832
generated pairs: 896
generated pairs: 960
generated pairs: 1024
generated pairs: 1088
generated pairs: 1152
generated pairs: 1216
generated pairs: 1280
generated pairs: 1344
generated pairs: 1408
generated pairs: 1472
generated pairs: 1536
generated pairs: 1600
generated pairs: 1664
generated pairs: 1728
generated pairs: 1792
generated pairs: 1856
generated pairs: 1920
generated pairs: 1984
generated pairs: 2048
generated pairs: 2112
generated pairs: 2176
generated pairs: 2240
generated pairs: 2304
generated pairs: 2368
generated pairs: 2432
generated pairs: 2496
generated pairs: 2560
generated pairs: 2624
generated pairs: 2688
generated pairs: 2752
generated pairs: 2816
generated pairs: 2880
generated pairs: 2944
generated pairs: 3008
generated pairs: 3072
generated pairs: 3136
generated pairs: 3200
generated pairs: 3264
generated pairs: 3328
generated pairs: 3392
generated pairs: 3456
generated pairs: 3520
generated pairs: 3584
generated pairs: 3648
generated pairs: 3712
generated pairs: 3776
generated pairs: 3840
generated pairs: 3904
generated pairs: 3968
generated pairs: 4032
generated pairs: 4096
generated pairs: 4160
generated pairs: 4224
generated pairs: 4288
generated pairs: 4352
generated pairs: 4416
generated pairs: 4480
generated pairs: 4544
generated pairs: 4608
generated pairs: 4672
generated pairs: 4736
generated pairs: 4800
generated pairs: 4864
generated pairs: 4928
generated pairs: 4992
generated pairs: 5056
generated pairs: 5120
generated pairs: 5184
generated pairs: 5248
generated pairs: 5312
generated pairs: 5376
generated pairs: 5440
generated pairs: 5504
generated pairs: 5568
generated pairs: 5632
generated pairs: 5696
generated pairs: 5760
generated pairs: 5824
generated pairs: 5888
generated pairs: 5952
generated pairs: 6016
generated pairs: 6080
generated pairs: 6144
generated pairs: 6208
generated pairs: 6272
generated pairs: 6336
generated pairs: 6400
generated pairs: 6464
generated pairs: 6528
generated pairs: 6592
generated pairs: 6656
generated pairs: 6720
generated pairs: 6784
generated pairs: 6848
generated pairs: 6912
generated pairs: 6976
generated pairs: 7040
generated pairs: 7104
generated pairs: 7168
generated pairs: 7232
generated pairs: 7296
generated pairs: 7360
generated pairs: 7424
generated pairs: 7488
generated pairs: 7552
generated pairs: 7616
generated pairs: 7680
generated pairs: 7744
generated pairs: 7808
generated pairs: 7872
generated pairs: 7936
generated pairs: 8000
generated pairs: 8064
generated pairs: 8128
generated pairs: 8192
generated pairs: 8256
generated pairs: 8320
generated pairs: 8384
generated pairs: 8448
generated pairs: 8512
generated pairs: 8576
generated pairs: 8640
generated pairs: 8704
generated pairs: 8768
generated pairs: 8832
generated pairs: 8896
generated pairs: 8960
generated pairs: 9024
generated pairs: 9088
generated pairs: 9152
generated pairs: 9216
generated pairs: 9280
generated pairs: 9344
generated pairs: 9408
generated pairs: 9472
generated pairs: 9536
generated pairs: 9600
generated pairs: 9664
generated pairs: 9728
generated pairs: 9792
generated pairs: 9856
generated pairs: 9920
generated pairs: 9984
generated pairs: 10048
generated pairs: 10112
generated pairs: 10176
generated pairs: 10240
generated pairs: 10304
generated pairs: 10368
generated pairs: 10432
generated pairs: 10496
generated pairs: 10560
generated pairs: 10624
generated pairs: 10688
generated pairs: 10752
generated pairs: 10816
generated pairs: 10880
generated pairs: 10944
generated pairs: 11008
generated pairs: 11072
generated pairs: 11136
generated pairs: 11200
generated pairs: 11264
generated pairs: 11328
generated pairs: 11392
generated pairs: 11456
generated pairs: 11520
generated pairs: 11584
generated pairs: 11648
generated pairs: 11712
generated pairs: 11776
generated pairs: 11840
generated pairs: 11904
generated pairs: 11968
generated pairs: 12032
generated pairs: 12096
generated pairs: 12160
generated pairs: 12224
generated pairs: 12288
generated pairs: 12352
generated pairs: 12416
generated pairs: 12480
generated pairs: 12544
generated pairs: 12608
generated pairs: 12672
generated pairs: 12736
generated pairs: 12800
generated pairs: 12864
generated pairs: 12928
generated pairs: 12992
generated pairs: 13056
generated pairs: 13120
generated pairs: 13184
generated pairs: 13248
generated pairs: 13312
generated pairs: 13376
generated pairs: 13440
generated pairs: 13504
generated pairs: 13568
generated pairs: 13632
generated pairs: 13696
generated pairs: 13760
generated pairs: 13824
generated pairs: 13888
generated pairs: 13952
generated pairs: 14016
generated pairs: 14080
generated pairs: 14144
generated pairs: 14208
generated pairs: 14272
generated pairs: 14336
generated pairs: 14400
generated pairs: 14464
generated pairs: 14528
generated pairs: 14592
generated pairs: 14656
generated pairs: 14720
generated pairs: 14784
generated pairs: 14848
generated pairs: 14912
generated pairs: 14976
generated pairs: 15040
generated pairs: 15104
generated pairs: 15168
generated pairs: 15232
generated pairs: 15296
generated pairs: 15360
generated pairs: 15424
generated pairs: 15488
generated pairs: 15552
generated pairs: 15616
generated pairs: 15680
generated pairs: 15744
generated pairs: 15808
generated pairs: 15872
generated pairs: 15936
generated pairs: 16000
generated pairs: 16064
generated pairs: 16128
generated pairs: 16192
generated pairs: 16256
generated pairs: 16320
generated pairs: 16384
generated pairs: 16448
generated pairs: 16512
generated pairs: 16576
generated pairs: 16640
generated pairs: 16704
generated pairs: 16768
generated pairs: 16832
generated pairs: 16896
generated pairs: 16960
generated pairs: 17024
generated pairs: 17088
generated pairs: 17152
generated pairs: 17216
generated pairs: 17280
generated pairs: 17344
generated pairs: 17408
generated pairs: 17472
generated pairs: 17536
generated pairs: 17600
generated pairs: 17664
generated pairs: 17728
generated pairs: 17792
generated pairs: 17856
generated pairs: 17920
generated pairs: 17984
generated pairs: 18048
generated pairs: 18112
generated pairs: 18176
generated pairs: 18240
generated pairs: 18304
generated pairs: 18368
generated pairs: 18432
generated pairs: 18496
generated pairs: 18560
generated pairs: 18624
generated pairs: 18688
generated pairs: 18752
generated pairs: 18816
generated pairs: 18880
generated pairs: 18944
generated pairs: 19008
generated pairs: 19072
generated pairs: 19136
generated pairs: 19200
generated pairs: 19264
generated pairs: 19328
generated pairs: 19392
generated pairs: 19456
generated pairs: 19520
generated pairs: 19584
generated pairs: 19648
generated pairs: 19712
generated pairs: 19776
generated pairs: 19840
generated pairs: 19904
generated pairs: 19968
generated pairs: 20032
generated pairs: 20096
generated pairs: 20160
generated pairs: 20224
generated pairs: 20288
generated pairs: 20352
generated pairs: 20416
generated pairs: 20480
generated pairs: 20544
generated pairs: 20608
generated pairs: 20672
generated pairs: 20736
generated pairs: 20800
generated pairs: 20864
generated pairs: 20928
generated pairs: 20992
generated pairs: 21056
generated pairs: 21120
generated pairs: 21184
generated pairs: 21248
generated pairs: 21312
generated pairs: 21376
generated pairs: 21440
generated pairs: 21504
generated pairs: 21568
generated pairs: 21632
generated pairs: 21696
generated pairs: 21760
generated pairs: 21824
generated pairs: 21888
generated pairs: 21952
generated pairs: 22016
generated pairs: 22080
generated pairs: 22144
generated pairs: 22208
generated pairs: 22272
generated pairs: 22336
generated pairs: 22400
generated pairs: 22464
generated pairs: 22528
generated pairs: 22592
generated pairs: 22656
generated pairs: 22720
generated pairs: 22784
generated pairs: 22848
generated pairs: 22912
generated pairs: 22976
generated pairs: 23040
generated pairs: 23104
generated pairs: 23162
===== Reflow pairs finished =====
z0     : torch.Size([23162, 263, 1, 40])
z1     : torch.Size([23162, 263, 1, 40])
prefix : torch.Size([23162, 263, 1, 20])
target : torch.Size([23162, 8, 3])
saved  : /mnt/proj1/eu-26-37/it4i-dianyu/Zhengying/CLoSD/reproduction/reflow_pairs/rf1_300k_heun10_seed10.pt
